[0m12:18:06.713898 [debug] [MainThread]: Sending event: {'category': 'dbt', 'action': 'invocation', 'label': 'start', 'context': [<snowplow_tracker.self_describing_json.SelfDescribingJson object at 0x000001C5E059DD60>, <snowplow_tracker.self_describing_json.SelfDescribingJson object at 0x000001C5E0BE2270>, <snowplow_tracker.self_describing_json.SelfDescribingJson object at 0x000001C5DF171550>]}


============================== 12:18:06.730056 | 68eea0d9-3f15-4131-ae58-2af1836f4f06 ==============================
[0m12:18:06.730056 [info ] [MainThread]: Running with dbt=1.11.11
[0m12:18:06.731057 [debug] [MainThread]: running dbt with arguments {'static_parser': 'True', 'no_print': 'None', 'version_check': 'True', 'warn_error_options': 'WarnErrorOptionsV2(error=[], warn=[], silence=[])', 'target_path': 'None', 'printer_width': '80', 'write_json': 'True', 'introspect': 'True', 'log_cache_events': 'False', 'empty': 'None', 'cache_selected_only': 'False', 'log_format': 'default', 'debug': 'False', 'fail_fast': 'False', 'profiles_dir': 'C:\\Users\\jfan\\.dbt', 'send_anonymous_usage_stats': 'True', 'quiet': 'False', 'warn_error': 'None', 'partial_parse': 'True', 'use_colors': 'True', 'invocation_command': 'dbt init nyc311', 'indirect_selection': 'eager', 'use_experimental_parser': 'False', 'log_path': 'logs'}
[0m12:18:06.811502 [info ] [MainThread]: Creating dbt configuration folder at C:\Users\jfan\.dbt
[0m12:18:06.814797 [debug] [MainThread]: Starter project path: D:\github\nyc311-analytics\venv\Lib\site-packages\dbt\include\starter_project
[0m12:18:06.836095 [info ] [MainThread]: 
Your new dbt project "nyc311" was created!

For more information on how to configure the profiles.yml file,
please consult the dbt documentation here:

  https://docs.getdbt.com/docs/configure-your-profile

One more thing:

Need help? Don't hesitate to reach out to us via GitHub issues or on Slack:

  https://community.getdbt.com/

Happy modeling!

[0m12:18:06.837122 [info ] [MainThread]: Setting up your profile.
[0m12:18:10.992818 [info ] [MainThread]: Profile nyc311 written to C:\Users\jfan\.dbt\profiles.yml using target's sample configuration. Once updated, you'll be able to start developing with dbt.
[0m12:18:10.994284 [debug] [MainThread]: Command `dbt init` succeeded at 12:18:10.994284 after 4.50 seconds
[0m12:18:10.995333 [debug] [MainThread]: Sending event: {'category': 'dbt', 'action': 'invocation', 'label': 'end', 'context': [<snowplow_tracker.self_describing_json.SelfDescribingJson object at 0x000001C5E05BCA40>, <snowplow_tracker.self_describing_json.SelfDescribingJson object at 0x000001C5E1E808F0>, <snowplow_tracker.self_describing_json.SelfDescribingJson object at 0x000001C5DD9E4290>]}
[0m12:18:10.995333 [debug] [MainThread]: Flushing usage events
[0m12:18:11.824000 [debug] [MainThread]: An error was encountered while trying to flush usage events
